
> Task :compileJava
Note: C:\Development\Owner\OfferVerdict\src\main\java\com\offerverdict\service\ComparisonService.java uses or overrides a deprecated API.
Note: Recompile with -Xlint:deprecation for details.

> Task :processResources
> Task :classes

> Task :compileTestJava
Note: C:\Development\Owner\OfferVerdict\src\test\java\com\offerverdict\service\TaxCalculatorServiceTest.java uses or overrides a deprecated API.
Note: Recompile with -Xlint:deprecation for details.

> Task :processTestResources NO-SOURCE
> Task :testClasses
OpenJDK 64-Bit Server VM warning: Sharing is only supported for boot loader classes because bootstrap classpath has been appended

> Task :test

TaxCalculatorServiceTest > calculatesNetAnnual() FAILED
    org.opentest4j.AssertionFailedError at TaxCalculatorServiceTest.java:19

1 test completed, 1 failed

> Task :test FAILED

[Incubating] Problems report is available at: file:///C:/Development/Owner/OfferVerdict/build/reports/problems/problems-report.html

FAILURE: Build failed with an exception.

* What went wrong:
Execution failed for task ':test'.
> There were failing tests. See the report at: file:///C:/Development/Owner/OfferVerdict/build/reports/tests/test/index.html

* Try:
> Run with --scan to generate a Build Scan (powered by Develocity).

BUILD FAILED in 9s
4 actionable tasks: 4 executed
